// Jest Snapshot v1, https://goo.gl/fbAQLP

exports[`Test Chronometer Snapshot <Chronometer/> 1`] = `
<div
  className="container "
>
  <div
    className="row justify-content-center"
  >
    <div
      className="col-md-4"
    >
      <div
        className="card  "
      >
        <div
          className="card-header bg-success text-white"
        >
          <div
            className="row"
          >
            <div
              className="col-md-8"
            >
              Chronometer
            </div>
            <div
              className="col-md-4 "
            >
              <img
                alt="imgQuestion"
                className="img-fluid mx-auto"
                src="time.svg"
              />
            </div>
          </div>
          <div
            className="mt-4"
          >
            <div
              className="container"
            >
              <div
                className="bg-white text-dark my-2 p-2 rounded text-center"
              >
                <h2>
                  0
                  0
                   : 
                  0
                  0
                   : 
                  0
                  0
                </h2>
              </div>
            </div>
            <div
              className="mt-4"
            >
              <div
                className="container"
              >
                <div
                  className="row"
                >
                  <div
                    className="col-md-4 text-white"
                  >
                    <button
                      className="btn btn-primary"
                      id="start"
                      onClick={[Function]}
                    >
                      Start
                    </button>
                  </div>
                  <div
                    className="col-md-4 text-white"
                  >
                    <button
                      className="btn btn-primary"
                      id="pause"
                      onClick={[Function]}
                    >
                      Pause
                    </button>
                  </div>
                  <div
                    className="col-md-4 text-white"
                  >
                    <button
                      className="btn btn-primary"
                      id="finish"
                      onClick={[Function]}
                    >
                      Finish
                    </button>
                  </div>
                </div>
              </div>
            </div>
            <div
              className="container"
            />
          </div>
        </div>
      </div>
    </div>
  </div>
</div>
`;
